versioning:
  type: git
  url: https://repository.git
  versioningTemplates:
    - template: "template/.gitignore.hbs"
      fileName: ".gitignore"
