{
  "name": "@lit/generated-vocab-common-TEST",
  "version": "10.11.12",
  "description": "Bundle of vocabularies that includes the following:\n\n  schema-inrupt-ext: Extension to Schema.org terms providing multilingual alternative names and translations for comments (e.g. for use directly as labels or tool-tips in user interfaces or error messages)",
  "main": "index.js",
  "scripts": {
    "dev": "webpack --config ./config/webpack.dev.config.js",
    "prod": "webpack --config ./config/webpack.prod.config.js"
  },
  "author": {
    "name": "@inrupt/lit-artifact-generator",
    "url": "https://github.com/inrupt/lit-artifact-generator"
  },
  "contributors": [
    {"name": "Jarlath Holleran"}
  ],
  "license": "MIT",
  "dependencies": {
    "@inrupt/lit-vocab-term-rdflib": "^1.0.10"
  },
  "devDependencies": {
    "@babel/core": "^7.5.5",
    "babel-loader": "^8.0.6",
    "webpack": "^4.39.1",
    "webpack-cli": "^3.3.6"
  }
}
