{
  "name": "@inrupt/lit-generated-vocab-schema",
  "version": "1.0.0",
  "description": "Bundle of vocabularies that includes the following:\n\n - schema: ",
  "main": "index.js",
  "author": {
    "name": "@inrupt/lit-artifact-generator",
    "url": "https://github.com/inrupt/lit-artifact-generator"
  },
  "license": "MIT",
  "dependencies": {
    "@inrupt/solid-common-vocab": "99.999.01",
    "@rdfjs/data-model": ""
  }
}
