{
  "name": "@inrupt/generated-vocab-schema-inrupt-ext",
  "version": "1.0.0",
  "description": "Bundle of [1] vocabularies that includes the following:\n\n - schema_inrupt_ext: Inrupt extension to Schema.org terms.",
  "sideEffects": false,
  "main": "index.js",
  "module": "wrapper.js",
  "author": {
    "name": "@inrupt/artifact-generator",
    "url": "https://github.com/inrupt/artifact-generator"
  },
  "contributors": [
    {"name": "https://inrupt.com/profile/card/#us"}
  ],
  "license": "MIT"
}
