Generated by artifact generator [@inrupt/lit-artifact-generator], version [0.10.12]
as part of artifact: [generated-vocab-static-TEST], version: []
on 'Tuesday, May 26, 2020 5:19 PM'.

Please do not edit this file: it is overwritten when generating artifacts,
and its last modification date is useful to determine if a re-generation is
required.