{
  "name": "@lit/generated-vocab-common-TEST",
  "version": "10.11.12",
  "description": "Bundle of vocabularies that includes the following:\n\n  schema: \n\n  override-name: Vocabulary for terms used during Source Code Generation from RDF vocabularies.",
  "main": "index.js",
  "author": {
    "name": "@inrupt/lit-artifact-generator",
    "url": "https://github.com/inrupt/lit-artifact-generator-js"
  },
  "contributors": [
    {"name": "Pat McBennett"}
  ],
  "dependencies": {
    "@inrupt/lit-vocab-term": "^1.0.10",
    "@rdfjs/data-model": ""
  }
}
