#
# This file contains a simple list of vocabularies that we bundle together to
# form the collective set vocabularies within a single artifact.
#
artifactName: generated-vocab-static-TEST
artifactGeneratorVersion: 0.1.0

artifactToGenerate:
  - programmingLanguage: JavaScript
    artifactVersion: 10.11.12
    artifactNamePrefix: ""
    artifactNameSuffix: ""

    artifactDirectoryName: JavaScript
    sourceFileExtension: js

    rdfjsImplVersion: "^1.1.0"
    solidCommonVocabVersion: "^1.0.10"
    templateInternal: solidCommonVocabDependent/javascript/vocab.hbs

    packaging:
      - packagingTool: npm
        npmModuleScope: "@inrupt/"
        ##
        # To prevent the tests from relying on external tools, we just create a file to verify that the command is properly run
        ##
        publish:
          - key: "local"
            command: "touch npm-publishLocal"
          - key: "remote"
            command: "touch npm-publishRemote"
        packagingTemplates:
          - templateInternal: solidCommonVocabDependent/javascript/package.hbs
            fileName: package.json
          - templateInternal: solidCommonVocabDependent/javascript/index.hbs
            fileName: index.js
      - packagingTool: rollup
        packagingDirectory: config
        packagingTemplates:
          - templateInternal: generic/javascript/rollup.config.hbs
            fileName: rollup.config.js

vocabList:
  - descriptionFallback: Testing static file won't cause re-generation.
    inputResources:
      - ./static-first.ttl

  - descriptionFallback: Testing static file won't cause re-generation.
    inputResources:
      - ./static-second.ttl
